[07-Sep-2026 13:52:55 Europe/Berlin] Error [8192]: explode(): Passing null to parameter #2 ($string) of type string is deprecated in C:\xampp\htdocs\hotel\index.php on line 46
[07-Sep-2026 13:53:02 Europe/Berlin] Error [8192]: explode(): Passing null to parameter #2 ($string) of type string is deprecated in C:\xampp\htdocs\hotel\index.php on line 44
[07-Sep-2026 13:53:07 Europe/Berlin] Error [8192]: explode(): Passing null to parameter #2 ($string) of type string is deprecated in C:\xampp\htdocs\hotel\index.php on line 44
[07-Sep-2026 13:53:09 Europe/Berlin] Error [8192]: explode(): Passing null to parameter #2 ($string) of type string is deprecated in C:\xampp\htdocs\hotel\index.php on line 44
[07-Sep-2026 13:53:18 Europe/Berlin] Error [8192]: explode(): Passing null to parameter #2 ($string) of type string is deprecated in C:\xampp\htdocs\hotel\index.php on line 44
[07-Sep-2026 13:54:13 Europe/Berlin] Error [8192]: explode(): Passing null to parameter #2 ($string) of type string is deprecated in C:\xampp\htdocs\hotel\index.php on line 44
[07-Sep-2026 13:55:06 Europe/Berlin] Error [8192]: explode(): Passing null to parameter #2 ($string) of type string is deprecated in C:\xampp\htdocs\hotel\index.php on line 44
[07-Sep-2026 13:59:54 Europe/Berlin] Error [2]: Undefined array key "image" in C:\xampp\htdocs\hotel\index.php on line 37
[07-Sep-2026 13:59:54 Europe/Berlin] Error [2]: Undefined array key "image" in C:\xampp\htdocs\hotel\index.php on line 37
[07-Sep-2026 13:59:54 Europe/Berlin] Error [2]: Undefined array key "image" in C:\xampp\htdocs\hotel\index.php on line 37
[07-Sep-2026 13:59:54 Europe/Berlin] Error [2]: Undefined array key "image" in C:\xampp\htdocs\hotel\index.php on line 37
[07-Sep-2026 14:05:58 Europe/Berlin] Error [2]: Undefined array key "image" in C:\xampp\htdocs\hotel\index.php on line 37
[07-Sep-2026 14:05:58 Europe/Berlin] Error [2]: Undefined array key "image" in C:\xampp\htdocs\hotel\index.php on line 37
[07-Sep-2026 14:05:58 Europe/Berlin] Error [2]: Undefined array key "image" in C:\xampp\htdocs\hotel\index.php on line 37
[07-Sep-2026 14:05:58 Europe/Berlin] Error [2]: Undefined array key "image" in C:\xampp\htdocs\hotel\index.php on line 37
[07-Sep-2026 14:06:13 Europe/Berlin] Error [2]: Undefined array key "image" in C:\xampp\htdocs\hotel\index.php on line 37
[07-Sep-2026 14:06:13 Europe/Berlin] Error [2]: Undefined array key "image" in C:\xampp\htdocs\hotel\index.php on line 37
[07-Sep-2026 14:06:13 Europe/Berlin] Error [2]: Undefined array key "image" in C:\xampp\htdocs\hotel\index.php on line 37
[07-Sep-2026 14:06:13 Europe/Berlin] Error [2]: Undefined array key "image" in C:\xampp\htdocs\hotel\index.php on line 37
[07-Sep-2026 14:06:31 Europe/Berlin] Error [2]: Undefined array key "image" in C:\xampp\htdocs\hotel\admin\room_types.php on line 90
[07-Sep-2026 14:06:31 Europe/Berlin] Error [2]: Undefined array key "image" in C:\xampp\htdocs\hotel\admin\room_types.php on line 90
[07-Sep-2026 14:06:31 Europe/Berlin] Error [2]: Undefined array key "image" in C:\xampp\htdocs\hotel\admin\room_types.php on line 90
[07-Sep-2026 14:06:31 Europe/Berlin] Error [2]: Undefined array key "image" in C:\xampp\htdocs\hotel\admin\room_types.php on line 90
[07-Sep-2026 14:06:34 Europe/Berlin] Error [2]: Undefined array key "image" in C:\xampp\htdocs\hotel\admin\room_types.php on line 90
[07-Sep-2026 14:06:34 Europe/Berlin] Error [2]: Undefined array key "image" in C:\xampp\htdocs\hotel\admin\room_types.php on line 90
[07-Sep-2026 14:06:34 Europe/Berlin] Error [2]: Undefined array key "image" in C:\xampp\htdocs\hotel\admin\room_types.php on line 90
[07-Sep-2026 14:06:34 Europe/Berlin] Error [2]: Undefined array key "image" in C:\xampp\htdocs\hotel\admin\room_types.php on line 90
[07-Sep-2026 14:06:36 Europe/Berlin] Error [2]: Undefined array key "image" in C:\xampp\htdocs\hotel\admin\room_types.php on line 90
[07-Sep-2026 14:06:36 Europe/Berlin] Error [2]: Undefined array key "image" in C:\xampp\htdocs\hotel\admin\room_types.php on line 90
[07-Sep-2026 14:06:36 Europe/Berlin] Error [2]: Undefined array key "image" in C:\xampp\htdocs\hotel\admin\room_types.php on line 90
[07-Sep-2026 14:06:36 Europe/Berlin] Error [2]: Undefined array key "image" in C:\xampp\htdocs\hotel\admin\room_types.php on line 90
[07-Sep-2026 14:06:54 Europe/Berlin] Room type save error: SQLSTATE[42S22]: Column not found: 1054 Unknown column 'image' in 'field list'
[07-Sep-2026 14:07:01 Europe/Berlin] Error [2]: Undefined array key "image" in C:\xampp\htdocs\hotel\index.php on line 37
[07-Sep-2026 14:07:01 Europe/Berlin] Error [2]: Undefined array key "image" in C:\xampp\htdocs\hotel\index.php on line 37
[07-Sep-2026 14:07:01 Europe/Berlin] Error [2]: Undefined array key "image" in C:\xampp\htdocs\hotel\index.php on line 37
[07-Sep-2026 14:07:01 Europe/Berlin] Error [2]: Undefined array key "image" in C:\xampp\htdocs\hotel\index.php on line 37
[07-Sep-2026 14:07:07 Europe/Berlin] Error [2]: Undefined array key "image" in C:\xampp\htdocs\hotel\admin\room_types.php on line 90
[07-Sep-2026 14:07:07 Europe/Berlin] Error [2]: Undefined array key "image" in C:\xampp\htdocs\hotel\admin\room_types.php on line 90
[07-Sep-2026 14:07:07 Europe/Berlin] Error [2]: Undefined array key "image" in C:\xampp\htdocs\hotel\admin\room_types.php on line 90
[07-Sep-2026 14:07:07 Europe/Berlin] Error [2]: Undefined array key "image" in C:\xampp\htdocs\hotel\admin\room_types.php on line 90
[07-Sep-2026 14:07:20 Europe/Berlin] Room type save error: SQLSTATE[42S22]: Column not found: 1054 Unknown column 'image' in 'field list'
[07-Sep-2026 14:07:29 Europe/Berlin] Error [2]: Undefined array key "image" in C:\xampp\htdocs\hotel\admin\room_types.php on line 90
[07-Sep-2026 14:07:29 Europe/Berlin] Error [2]: Undefined array key "image" in C:\xampp\htdocs\hotel\admin\room_types.php on line 90
[07-Sep-2026 14:07:29 Europe/Berlin] Error [2]: Undefined array key "image" in C:\xampp\htdocs\hotel\admin\room_types.php on line 90
[07-Sep-2026 14:07:29 Europe/Berlin] Error [2]: Undefined array key "image" in C:\xampp\htdocs\hotel\admin\room_types.php on line 90
[07-Sep-2026 14:08:04 Europe/Berlin] Error [2]: Undefined array key "image" in C:\xampp\htdocs\hotel\admin\room_types.php on line 90
[07-Sep-2026 14:08:04 Europe/Berlin] Error [2]: Undefined array key "image" in C:\xampp\htdocs\hotel\admin\room_types.php on line 90
[07-Sep-2026 14:08:04 Europe/Berlin] Error [2]: Undefined array key "image" in C:\xampp\htdocs\hotel\admin\room_types.php on line 90
[07-Sep-2026 14:08:04 Europe/Berlin] Error [2]: Undefined array key "image" in C:\xampp\htdocs\hotel\admin\room_types.php on line 90
[07-Sep-2026 14:08:11 Europe/Berlin] Error [2]: Undefined array key "image" in C:\xampp\htdocs\hotel\admin\room_types.php on line 90
[07-Sep-2026 14:08:11 Europe/Berlin] Error [2]: Undefined array key "image" in C:\xampp\htdocs\hotel\admin\room_types.php on line 90
[07-Sep-2026 14:08:11 Europe/Berlin] Error [2]: Undefined array key "image" in C:\xampp\htdocs\hotel\admin\room_types.php on line 90
[07-Sep-2026 14:08:11 Europe/Berlin] Error [2]: Undefined array key "image" in C:\xampp\htdocs\hotel\admin\room_types.php on line 90
[07-Sep-2026 14:17:28 Europe/Berlin] Error [2]: Undefined array key "status" in C:\xampp\htdocs\hotel\admin\room_types.php on line 132
[07-Sep-2026 14:17:28 Europe/Berlin] Error [2]: Undefined array key "status" in C:\xampp\htdocs\hotel\admin\room_types.php on line 133
[07-Sep-2026 14:17:28 Europe/Berlin] Error [2]: Undefined array key "status" in C:\xampp\htdocs\hotel\admin\room_types.php on line 142
[07-Sep-2026 14:17:28 Europe/Berlin] Error [2]: Undefined array key "status" in C:\xampp\htdocs\hotel\admin\room_types.php on line 143
[07-Sep-2026 14:17:28 Europe/Berlin] Error [2]: Undefined array key "status" in C:\xampp\htdocs\hotel\admin\room_types.php on line 143
[07-Sep-2026 14:17:28 Europe/Berlin] Error [2]: Undefined array key "status" in C:\xampp\htdocs\hotel\admin\room_types.php on line 144
[07-Sep-2026 14:17:28 Europe/Berlin] Error [2]: Undefined array key "status" in C:\xampp\htdocs\hotel\admin\room_types.php on line 144
[07-Sep-2026 14:17:28 Europe/Berlin] Error [2]: Undefined array key "status" in C:\xampp\htdocs\hotel\admin\room_types.php on line 132
[07-Sep-2026 14:17:28 Europe/Berlin] Error [2]: Undefined array key "status" in C:\xampp\htdocs\hotel\admin\room_types.php on line 133
[07-Sep-2026 14:17:28 Europe/Berlin] Error [2]: Undefined array key "status" in C:\xampp\htdocs\hotel\admin\room_types.php on line 142
[07-Sep-2026 14:17:28 Europe/Berlin] Error [2]: Undefined array key "status" in C:\xampp\htdocs\hotel\admin\room_types.php on line 143
[07-Sep-2026 14:17:28 Europe/Berlin] Error [2]: Undefined array key "status" in C:\xampp\htdocs\hotel\admin\room_types.php on line 143
[07-Sep-2026 14:17:28 Europe/Berlin] Error [2]: Undefined array key "status" in C:\xampp\htdocs\hotel\admin\room_types.php on line 144
[07-Sep-2026 14:17:28 Europe/Berlin] Error [2]: Undefined array key "status" in C:\xampp\htdocs\hotel\admin\room_types.php on line 144
[07-Sep-2026 14:17:28 Europe/Berlin] Error [2]: Undefined array key "status" in C:\xampp\htdocs\hotel\admin\room_types.php on line 132
[07-Sep-2026 14:17:28 Europe/Berlin] Error [2]: Undefined array key "status" in C:\xampp\htdocs\hotel\admin\room_types.php on line 133
[07-Sep-2026 14:17:28 Europe/Berlin] Error [2]: Undefined array key "status" in C:\xampp\htdocs\hotel\admin\room_types.php on line 142
[07-Sep-2026 14:17:28 Europe/Berlin] Error [2]: Undefined array key "status" in C:\xampp\htdocs\hotel\admin\room_types.php on line 143
[07-Sep-2026 14:17:28 Europe/Berlin] Error [2]: Undefined array key "status" in C:\xampp\htdocs\hotel\admin\room_types.php on line 143
[07-Sep-2026 14:17:28 Europe/Berlin] Error [2]: Undefined array key "status" in C:\xampp\htdocs\hotel\admin\room_types.php on line 144
[07-Sep-2026 14:17:28 Europe/Berlin] Error [2]: Undefined array key "status" in C:\xampp\htdocs\hotel\admin\room_types.php on line 144
[07-Sep-2026 14:17:28 Europe/Berlin] Error [2]: Undefined array key "status" in C:\xampp\htdocs\hotel\admin\room_types.php on line 132
[07-Sep-2026 14:17:28 Europe/Berlin] Error [2]: Undefined array key "status" in C:\xampp\htdocs\hotel\admin\room_types.php on line 133
[07-Sep-2026 14:17:28 Europe/Berlin] Error [2]: Undefined array key "status" in C:\xampp\htdocs\hotel\admin\room_types.php on line 142
[07-Sep-2026 14:17:28 Europe/Berlin] Error [2]: Undefined array key "status" in C:\xampp\htdocs\hotel\admin\room_types.php on line 143
[07-Sep-2026 14:17:28 Europe/Berlin] Error [2]: Undefined array key "status" in C:\xampp\htdocs\hotel\admin\room_types.php on line 143
[07-Sep-2026 14:17:28 Europe/Berlin] Error [2]: Undefined array key "status" in C:\xampp\htdocs\hotel\admin\room_types.php on line 144
[07-Sep-2026 14:17:28 Europe/Berlin] Error [2]: Undefined array key "status" in C:\xampp\htdocs\hotel\admin\room_types.php on line 144
[07-Sep-2026 14:17:28 Europe/Berlin] Error [2]: Undefined array key "status" in C:\xampp\htdocs\hotel\admin\room_types.php on line 132
[07-Sep-2026 14:17:28 Europe/Berlin] Error [2]: Undefined array key "status" in C:\xampp\htdocs\hotel\admin\room_types.php on line 133
[07-Sep-2026 14:17:28 Europe/Berlin] Error [2]: Undefined array key "status" in C:\xampp\htdocs\hotel\admin\room_types.php on line 142
[07-Sep-2026 14:17:28 Europe/Berlin] Error [2]: Undefined array key "status" in C:\xampp\htdocs\hotel\admin\room_types.php on line 143
[07-Sep-2026 14:17:28 Europe/Berlin] Error [2]: Undefined array key "status" in C:\xampp\htdocs\hotel\admin\room_types.php on line 143
[07-Sep-2026 14:17:28 Europe/Berlin] Error [2]: Undefined array key "status" in C:\xampp\htdocs\hotel\admin\room_types.php on line 144
[07-Sep-2026 14:17:28 Europe/Berlin] Error [2]: Undefined array key "status" in C:\xampp\htdocs\hotel\admin\room_types.php on line 144
